2025-08-01 01:05:30,492 - mmdet - INFO - Environment info:
------------------------------------------------------------
sys.platform: linux
Python: 3.8.20 | packaged by conda-forge | (default, Sep 30 2024, 17:52:49) [GCC 13.3.0]
CUDA available: True
GPU 0: NVIDIA GeForce RTX 4090 Laptop GPU
CUDA_HOME: /usr/local/cuda
NVCC: Build cuda_11.3.r11.3/compiler.29920130_0
GCC: gcc (Ubuntu 9.4.0-1ubuntu1~20.04.2) 9.4.0
PyTorch: 1.10.0
PyTorch compiling details: PyTorch built with:
  - GCC 7.3
  - C++ Version: 201402
  - Intel(R) oneAPI Math Kernel Library Version 2024.0-Product Build 20231011 for Intel(R) 64 architecture applications
  - Intel(R) MKL-DNN v2.2.3 (Git Hash 7336ca9f055cf1bfa13efb658fe15dc9b41f0740)
  - OpenMP 201511 (a.k.a. OpenMP 4.5)
  - LAPACK is enabled (usually provided by MKL)
  - NNPACK is enabled
  - CPU capability usage: AVX2
  - CUDA Runtime 11.3
  - NVCC architecture flags: -gencode;arch=compute_37,code=sm_37;-gencode;arch=compute_50,code=sm_50;-gencode;arch=compute_60,code=sm_60;-gencode;arch=compute_61,code=sm_61;-gencode;arch=compute_70,code=sm_70;-gencode;arch=compute_75,code=sm_75;-gencode;arch=compute_80,code=sm_80;-gencode;arch=compute_86,code=sm_86;-gencode;arch=compute_37,code=compute_37
  - CuDNN 8.2
  - Magma 2.5.2
  - Build settings: BLAS_INFO=mkl, BUILD_TYPE=Release, CUDA_VERSION=11.3, CUDNN_VERSION=8.2.0, CXX_COMPILER=/opt/rh/devtoolset-7/root/usr/bin/c++, CXX_FLAGS= -Wno-deprecated -fvisibility-inlines-hidden -DUSE_PTHREADPOOL -fopenmp -DNDEBUG -DUSE_KINETO -DUSE_FBGEMM -DUSE_QNNPACK -DUSE_PYTORCH_QNNPACK -DUSE_XNNPACK -DSYMBOLICATE_MOBILE_DEBUG_HANDLE -DEDGE_PROFILER_USE_KINETO -O2 -fPIC -Wno-narrowing -Wall -Wextra -Werror=return-type -Wno-missing-field-initializers -Wno-type-limits -Wno-array-bounds -Wno-unknown-pragmas -Wno-sign-compare -Wno-unused-parameter -Wno-unused-variable -Wno-unused-function -Wno-unused-result -Wno-unused-local-typedefs -Wno-strict-overflow -Wno-strict-aliasing -Wno-error=deprecated-declarations -Wno-stringop-overflow -Wno-psabi -Wno-error=pedantic -Wno-error=redundant-decls -Wno-error=old-style-cast -fdiagnostics-color=always -faligned-new -Wno-unused-but-set-variable -Wno-maybe-uninitialized -fno-math-errno -fno-trapping-math -Werror=format -Wno-stringop-overflow, LAPACK_INFO=mkl, PERF_WITH_AVX=1, PERF_WITH_AVX2=1, PERF_WITH_AVX512=1, TORCH_VERSION=1.10.0, USE_CUDA=ON, USE_CUDNN=ON, USE_EXCEPTION_PTR=1, USE_GFLAGS=OFF, USE_GLOG=OFF, USE_MKL=ON, USE_MKLDNN=ON, USE_MPI=OFF, USE_NCCL=ON, USE_NNPACK=ON, USE_OPENMP=ON, 

TorchVision: 0.11.0
OpenCV: 4.12.0
MMCV: 1.3.18
MMCV Compiler: GCC 7.3
MMCV CUDA Compiler: 11.3
MMDetection: 2.14.0
MMSegmentation: 0.14.1
MMDetection3D: 0.17.1+dbfbf1d
------------------------------------------------------------

2025-08-01 01:05:32,345 - mmdet - INFO - Distributed training: False
2025-08-01 01:05:34,109 - mmdet - INFO - Config:
dataset_type = 'KittiDataset'
data_root = '../../../../data/DAIR-V2X/cooperative-vehicle-infrastructure/vehicle-side/'
class_names = ['Pedestrian', 'Cyclist', 'Car']
point_cloud_range = [0, -39.68, -3, 92.16, 39.68, 1]
voxel_size = [0.16, 0.16, 4]
length = 576
height = 496
output_shape = [496, 576]
z_center_pedestrian = -0.6
z_center_cyclist = -0.6
z_center_car = -1.78
work_dir = '/workspace/DAIR-V2X/work_dirs/vic3d_latefusion_veh_pointpillars_resumed_finetuned_continued'
model = dict(
    type='VoxelNet',
    voxel_layer=dict(
        max_num_points=32,
        point_cloud_range=[0, -39.68, -3, 92.16, 39.68, 1],
        voxel_size=[0.16, 0.16, 4],
        max_voxels=(16000, 40000)),
    voxel_encoder=dict(
        type='PillarFeatureNet',
        in_channels=4,
        feat_channels=[64],
        with_distance=False,
        voxel_size=[0.16, 0.16, 4],
        point_cloud_range=[0, -39.68, -3, 92.16, 39.68, 1]),
    middle_encoder=dict(
        type='PointPillarsScatter', in_channels=64, output_shape=[496, 576]),
    backbone=dict(
        type='SECOND',
        in_channels=64,
        layer_nums=[3, 5, 5],
        layer_strides=[2, 2, 2],
        out_channels=[64, 128, 256]),
    neck=dict(
        type='SECONDFPN',
        in_channels=[64, 128, 256],
        upsample_strides=[1, 2, 4],
        out_channels=[128, 128, 128]),
    bbox_head=dict(
        type='Anchor3DHead',
        num_classes=3,
        in_channels=384,
        feat_channels=384,
        use_direction_classifier=True,
        anchor_generator=dict(
            type='Anchor3DRangeGenerator',
            ranges=[[0, -39.68, -0.6, 92.16, 39.68, -0.6],
                    [0, -39.68, -0.6, 92.16, 39.68, -0.6],
                    [0, -39.68, -1.78, 92.16, 39.68, -1.78]],
            sizes=[[0.6, 0.8, 1.73], [0.6, 1.76, 1.73], [1.6, 3.9, 1.56]],
            rotations=[0, 1.57],
            reshape_out=False),
        diff_rad_by_sin=True,
        bbox_coder=dict(type='DeltaXYZWLHRBBoxCoder'),
        loss_cls=dict(
            type='FocalLoss',
            use_sigmoid=True,
            gamma=2.0,
            alpha=0.25,
            loss_weight=1.0),
        loss_bbox=dict(
            type='SmoothL1Loss', beta=0.1111111111111111, loss_weight=2.0),
        loss_dir=dict(
            type='CrossEntropyLoss', use_sigmoid=False, loss_weight=0.2)),
    train_cfg=dict(
        assigner=[
            dict(
                type='MaxIoUAssigner',
                iou_calculator=dict(type='BboxOverlapsNearest3D'),
                pos_iou_thr=0.5,
                neg_iou_thr=0.35,
                min_pos_iou=0.35,
                ignore_iof_thr=-1),
            dict(
                type='MaxIoUAssigner',
                iou_calculator=dict(type='BboxOverlapsNearest3D'),
                pos_iou_thr=0.5,
                neg_iou_thr=0.35,
                min_pos_iou=0.35,
                ignore_iof_thr=-1),
            dict(
                type='MaxIoUAssigner',
                iou_calculator=dict(type='BboxOverlapsNearest3D'),
                pos_iou_thr=0.6,
                neg_iou_thr=0.45,
                min_pos_iou=0.45,
                ignore_iof_thr=-1)
        ],
        allowed_border=0,
        pos_weight=-1,
        debug=False),
    test_cfg=dict(
        use_rotate_nms=True,
        nms_across_levels=False,
        nms_thr=0.01,
        score_thr=0.1,
        min_bbox_size=0,
        nms_pre=100,
        max_num=50))
file_client_args = dict(backend='disk')
train_pipeline = [
    dict(type='LoadPointsFromFile', coord_type='LIDAR', load_dim=4, use_dim=4),
    dict(type='LoadAnnotations3D', with_bbox_3d=True, with_label_3d=True),
    dict(
        type='ObjectSample',
        db_sampler=dict(
            data_root=
            '../../../../data/DAIR-V2X/cooperative-vehicle-infrastructure/vehicle-side/',
            info_path=
            '../../../../data/DAIR-V2X/cooperative-vehicle-infrastructure/vehicle-side//kitti_dbinfos_train.pkl',
            rate=1.0,
            prepare=dict(
                filter_by_difficulty=[-1],
                filter_by_min_points=dict(Car=5, Pedestrian=10, Cyclist=10)),
            classes=['Pedestrian', 'Cyclist', 'Car'],
            sample_groups=dict(Car=15, Pedestrian=10, Cyclist=10))),
    dict(
        type='ObjectNoise',
        num_try=100,
        translation_std=[0.25, 0.25, 0.25],
        global_rot_range=[0.0, 0.0],
        rot_range=[-0.15707963267, 0.15707963267]),
    dict(type='RandomFlip3D', flip_ratio_bev_horizontal=0.5),
    dict(
        type='GlobalRotScaleTrans',
        rot_range=[-0.78539816, 0.78539816],
        scale_ratio_range=[0.95, 1.05]),
    dict(
        type='PointsRangeFilter',
        point_cloud_range=[0, -39.68, -3, 92.16, 39.68, 1]),
    dict(
        type='ObjectRangeFilter',
        point_cloud_range=[0, -39.68, -3, 92.16, 39.68, 1]),
    dict(type='PointShuffle'),
    dict(
        type='DefaultFormatBundle3D',
        class_names=['Pedestrian', 'Cyclist', 'Car']),
    dict(type='Collect3D', keys=['points', 'gt_bboxes_3d', 'gt_labels_3d'])
]
test_pipeline = [
    dict(type='LoadPointsFromFile', coord_type='LIDAR', load_dim=4, use_dim=4),
    dict(
        type='MultiScaleFlipAug3D',
        img_scale=(496, 576),
        pts_scale_ratio=1,
        flip=False,
        transforms=[
            dict(
                type='GlobalRotScaleTrans',
                rot_range=[0, 0],
                scale_ratio_range=[1.0, 1.0],
                translation_std=[0, 0, 0]),
            dict(type='RandomFlip3D'),
            dict(
                type='PointsRangeFilter',
                point_cloud_range=[0, -39.68, -3, 92.16, 39.68, 1]),
            dict(
                type='DefaultFormatBundle3D',
                class_names=['Pedestrian', 'Cyclist', 'Car'],
                with_label=False),
            dict(type='Collect3D', keys=['points'])
        ])
]
eval_pipeline = [
    dict(
        type='LoadPointsFromFile',
        coord_type='LIDAR',
        load_dim=4,
        use_dim=4,
        file_client_args=dict(backend='disk')),
    dict(
        type='DefaultFormatBundle3D',
        class_names=['Pedestrian', 'Cyclist', 'Car'],
        with_label=False),
    dict(type='Collect3D', keys=['points'])
]
data = dict(
    samples_per_gpu=6,
    workers_per_gpu=4,
    train=dict(
        type='RepeatDataset',
        times=2,
        dataset=dict(
            type='KittiDataset',
            data_root=
            '/workspace/DAIR-V2X/data/DAIR-V2X/cooperative-vehicle-infrastructure/vehicle-side/',
            ann_file=
            '/workspace/DAIR-V2X/data/DAIR-V2X/cooperative-vehicle-infrastructure/vehicle-side/kitti_infos_train.pkl',
            split='training',
            pts_prefix='velodyne_reduced',
            pipeline=[
                dict(
                    type='LoadPointsFromFile',
                    coord_type='LIDAR',
                    load_dim=4,
                    use_dim=4),
                dict(
                    type='LoadAnnotations3D',
                    with_bbox_3d=True,
                    with_label_3d=True),
                dict(
                    type='ObjectSample',
                    db_sampler=dict(
                        data_root=
                        '/workspace/DAIR-V2X/data/DAIR-V2X/cooperative-vehicle-infrastructure/vehicle-side/',
                        info_path=
                        '/workspace/DAIR-V2X/data/DAIR-V2X/cooperative-vehicle-infrastructure/vehicle-side/kitti_dbinfos_train.pkl',
                        rate=1.0,
                        prepare=dict(
                            filter_by_difficulty=[-1],
                            filter_by_min_points=dict(
                                Car=5, Pedestrian=10, Cyclist=10)),
                        classes=['Pedestrian', 'Cyclist', 'Car'],
                        sample_groups=dict(Car=15, Pedestrian=10,
                                           Cyclist=10))),
                dict(
                    type='ObjectNoise',
                    num_try=100,
                    translation_std=[0.25, 0.25, 0.25],
                    global_rot_range=[0.0, 0.0],
                    rot_range=[-0.15707963267, 0.15707963267]),
                dict(type='RandomFlip3D', flip_ratio_bev_horizontal=0.5),
                dict(
                    type='GlobalRotScaleTrans',
                    rot_range=[-0.78539816, 0.78539816],
                    scale_ratio_range=[0.95, 1.05]),
                dict(
                    type='PointsRangeFilter',
                    point_cloud_range=[0, -39.68, -3, 92.16, 39.68, 1]),
                dict(
                    type='ObjectRangeFilter',
                    point_cloud_range=[0, -39.68, -3, 92.16, 39.68, 1]),
                dict(type='PointShuffle'),
                dict(
                    type='DefaultFormatBundle3D',
                    class_names=['Pedestrian', 'Cyclist', 'Car']),
                dict(
                    type='Collect3D',
                    keys=['points', 'gt_bboxes_3d', 'gt_labels_3d'])
            ],
            modality=dict(use_lidar=True, use_camera=False),
            classes=['Pedestrian', 'Cyclist', 'Car'],
            test_mode=False,
            pcd_limit_range=[0, -39.68, -3, 92.16, 39.68, 1],
            box_type_3d='LiDAR')),
    val=dict(
        type='KittiDataset',
        data_root=
        '/workspace/DAIR-V2X/data/DAIR-V2X/cooperative-vehicle-infrastructure/vehicle-side/',
        ann_file=
        '/workspace/DAIR-V2X/data/DAIR-V2X/cooperative-vehicle-infrastructure/vehicle-side/kitti_infos_val.pkl',
        split='training',
        pts_prefix='velodyne_reduced',
        pipeline=[
            dict(
                type='LoadPointsFromFile',
                coord_type='LIDAR',
                load_dim=4,
                use_dim=4),
            dict(
                type='MultiScaleFlipAug3D',
                img_scale=(496, 576),
                pts_scale_ratio=1,
                flip=False,
                transforms=[
                    dict(
                        type='GlobalRotScaleTrans',
                        rot_range=[0, 0],
                        scale_ratio_range=[1.0, 1.0],
                        translation_std=[0, 0, 0]),
                    dict(type='RandomFlip3D'),
                    dict(
                        type='PointsRangeFilter',
                        point_cloud_range=[0, -39.68, -3, 92.16, 39.68, 1]),
                    dict(
                        type='DefaultFormatBundle3D',
                        class_names=['Pedestrian', 'Cyclist', 'Car'],
                        with_label=False),
                    dict(type='Collect3D', keys=['points'])
                ])
        ],
        modality=dict(use_lidar=True, use_camera=False),
        classes=['Pedestrian', 'Cyclist', 'Car'],
        test_mode=True,
        pcd_limit_range=[0, -39.68, -3, 92.16, 39.68, 1],
        box_type_3d='LiDAR'),
    test=dict(
        type='KittiDataset',
        data_root=
        '/workspace/DAIR-V2X/data/DAIR-V2X/cooperative-vehicle-infrastructure/vehicle-side/',
        ann_file=
        '/workspace/DAIR-V2X/data/DAIR-V2X/cooperative-vehicle-infrastructure/vehicle-side/kitti_infos_val.pkl',
        split='training',
        pts_prefix='velodyne_reduced',
        pipeline=[
            dict(
                type='LoadPointsFromFile',
                coord_type='LIDAR',
                load_dim=4,
                use_dim=4),
            dict(
                type='MultiScaleFlipAug3D',
                img_scale=(496, 576),
                pts_scale_ratio=1,
                flip=False,
                transforms=[
                    dict(
                        type='GlobalRotScaleTrans',
                        rot_range=[0, 0],
                        scale_ratio_range=[1.0, 1.0],
                        translation_std=[0, 0, 0]),
                    dict(type='RandomFlip3D'),
                    dict(
                        type='PointsRangeFilter',
                        point_cloud_range=[0, -39.68, -3, 92.16, 39.68, 1]),
                    dict(
                        type='DefaultFormatBundle3D',
                        class_names=['Pedestrian', 'Cyclist', 'Car'],
                        with_label=False),
                    dict(type='Collect3D', keys=['points'])
                ])
        ],
        modality=dict(use_lidar=True, use_camera=False),
        classes=['Pedestrian', 'Cyclist', 'Car'],
        test_mode=True,
        pcd_limit_range=[0, -39.68, -3, 92.16, 39.68, 1],
        box_type_3d='LiDAR'))
evaluation = dict(
    interval=2,
    pipeline=[
        dict(
            type='LoadPointsFromFile',
            coord_type='LIDAR',
            load_dim=4,
            use_dim=4,
            file_client_args=dict(backend='disk')),
        dict(
            type='DefaultFormatBundle3D',
            class_names=['Pedestrian', 'Cyclist', 'Car'],
            with_label=False),
        dict(type='Collect3D', keys=['points'])
    ])
lr = 0.001
optimizer = dict(type='AdamW', lr=0.001, betas=(0.95, 0.99), weight_decay=0.01)
optimizer_config = dict(grad_clip=dict(max_norm=35, norm_type=2))
lr_config = dict(
    policy='cyclic',
    target_ratio=(10, 0.0001),
    cyclic_times=1,
    step_ratio_up=0.4)
momentum_config = dict(
    policy='cyclic',
    target_ratio=(0.8947368421052632, 1),
    cyclic_times=1,
    step_ratio_up=0.4)
runner = dict(type='EpochBasedRunner', max_epochs=30)
checkpoint_config = dict(interval=10, max_keep_ckpts=3)
log_config = dict(
    interval=50,
    hooks=[dict(type='TextLoggerHook'),
           dict(type='TensorboardLoggerHook')])
dist_params = dict(backend='nccl')
log_level = 'INFO'
load_from = None
resume_from = '/workspace/DAIR-V2X/configs/vic3d/late-fusion-pointcloud/pointpillars/vic3d_latefusion_veh_pointpillars_a70fa05506bf3075583454f58b28177f.pth'
workflow = [('train', 1)]
gpu_ids = range(0, 1)
total_epochs = 30

2025-08-01 01:05:34,109 - mmdet - INFO - Set random seed to 0, deterministic: False
2025-08-01 01:05:34,140 - mmdet - INFO - initialize SECOND with init_cfg {'type': 'Kaiming', 'layer': 'Conv2d'}
2025-08-01 01:05:34,158 - mmdet - INFO - initialize SECONDFPN with init_cfg [{'type': 'Kaiming', 'layer': 'ConvTranspose2d'}, {'type': 'Constant', 'layer': 'NaiveSyncBatchNorm2d', 'val': 1.0}]
2025-08-01 01:05:34,160 - mmdet - INFO - initialize Anchor3DHead with init_cfg {'type': 'Normal', 'layer': 'Conv2d', 'std': 0.01, 'override': {'type': 'Normal', 'name': 'conv_cls', 'std': 0.01, 'bias_prob': 0.01}}
Name of parameter - Initialization information

backbone.blocks.0.0.weight - torch.Size([64, 64, 3, 3]): 
KaimingInit: a=0, mode=fan_out, nonlinearity=relu, distribution =normal, bias=0 

backbone.blocks.0.1.weight - torch.Size([64]): 
The value is the same before and after calling `init_weights` of VoxelNet  

backbone.blocks.0.1.bias - torch.Size([64]): 
The value is the same before and after calling `init_weights` of VoxelNet  

backbone.blocks.0.3.weight - torch.Size([64, 64, 3, 3]): 
KaimingInit: a=0, mode=fan_out, nonlinearity=relu, distribution =normal, bias=0 

backbone.blocks.0.4.weight - torch.Size([64]): 
The value is the same before and after calling `init_weights` of VoxelNet  

backbone.blocks.0.4.bias - torch.Size([64]): 
The value is the same before and after calling `init_weights` of VoxelNet  

backbone.blocks.0.6.weight - torch.Size([64, 64, 3, 3]): 
KaimingInit: a=0, mode=fan_out, nonlinearity=relu, distribution =normal, bias=0 

backbone.blocks.0.7.weight - torch.Size([64]): 
The value is the same before and after calling `init_weights` of VoxelNet  

backbone.blocks.0.7.bias - torch.Size([64]): 
The value is the same before and after calling `init_weights` of VoxelNet  

backbone.blocks.0.9.weight - torch.Size([64, 64, 3, 3]): 
KaimingInit: a=0, mode=fan_out, nonlinearity=relu, distribution =normal, bias=0 

backbone.blocks.0.10.weight - torch.Size([64]): 
The value is the same before and after calling `init_weights` of VoxelNet  

backbone.blocks.0.10.bias - torch.Size([64]): 
The value is the same before and after calling `init_weights` of VoxelNet  

backbone.blocks.1.0.weight - torch.Size([128, 64, 3, 3]): 
KaimingInit: a=0, mode=fan_out, nonlinearity=relu, distribution =normal, bias=0 

backbone.blocks.1.1.weight - torch.Size([128]): 
The value is the same before and after calling `init_weights` of VoxelNet  

backbone.blocks.1.1.bias - torch.Size([128]): 
The value is the same before and after calling `init_weights` of VoxelNet  

backbone.blocks.1.3.weight - torch.Size([128, 128, 3, 3]): 
KaimingInit: a=0, mode=fan_out, nonlinearity=relu, distribution =normal, bias=0 

backbone.blocks.1.4.weight - torch.Size([128]): 
The value is the same before and after calling `init_weights` of VoxelNet  

backbone.blocks.1.4.bias - torch.Size([128]): 
The value is the same before and after calling `init_weights` of VoxelNet  

backbone.blocks.1.6.weight - torch.Size([128, 128, 3, 3]): 
KaimingInit: a=0, mode=fan_out, nonlinearity=relu, distribution =normal, bias=0 

backbone.blocks.1.7.weight - torch.Size([128]): 
The value is the same before and after calling `init_weights` of VoxelNet  

backbone.blocks.1.7.bias - torch.Size([128]): 
The value is the same before and after calling `init_weights` of VoxelNet  

backbone.blocks.1.9.weight - torch.Size([128, 128, 3, 3]): 
KaimingInit: a=0, mode=fan_out, nonlinearity=relu, distribution =normal, bias=0 

backbone.blocks.1.10.weight - torch.Size([128]): 
The value is the same before and after calling `init_weights` of VoxelNet  

backbone.blocks.1.10.bias - torch.Size([128]): 
The value is the same before and after calling `init_weights` of VoxelNet  

backbone.blocks.1.12.weight - torch.Size([128, 128, 3, 3]): 
KaimingInit: a=0, mode=fan_out, nonlinearity=relu, distribution =normal, bias=0 

backbone.blocks.1.13.weight - torch.Size([128]): 
The value is the same before and after calling `init_weights` of VoxelNet  

backbone.blocks.1.13.bias - torch.Size([128]): 
The value is the same before and after calling `init_weights` of VoxelNet  

backbone.blocks.1.15.weight - torch.Size([128, 128, 3, 3]): 
KaimingInit: a=0, mode=fan_out, nonlinearity=relu, distribution =normal, bias=0 

backbone.blocks.1.16.weight - torch.Size([128]): 
The value is the same before and after calling `init_weights` of VoxelNet  

backbone.blocks.1.16.bias - torch.Size([128]): 
The value is the same before and after calling `init_weights` of VoxelNet  

backbone.blocks.2.0.weight - torch.Size([256, 128, 3, 3]): 
KaimingInit: a=0, mode=fan_out, nonlinearity=relu, distribution =normal, bias=0 

backbone.blocks.2.1.weight - torch.Size([256]): 
The value is the same before and after calling `init_weights` of VoxelNet  

backbone.blocks.2.1.bias - torch.Size([256]): 
The value is the same before and after calling `init_weights` of VoxelNet  

backbone.blocks.2.3.weight - torch.Size([256, 256, 3, 3]): 
KaimingInit: a=0, mode=fan_out, nonlinearity=relu, distribution =normal, bias=0 

backbone.blocks.2.4.weight - torch.Size([256]): 
The value is the same before and after calling `init_weights` of VoxelNet  

backbone.blocks.2.4.bias - torch.Size([256]): 
The value is the same before and after calling `init_weights` of VoxelNet  

backbone.blocks.2.6.weight - torch.Size([256, 256, 3, 3]): 
KaimingInit: a=0, mode=fan_out, nonlinearity=relu, distribution =normal, bias=0 

backbone.blocks.2.7.weight - torch.Size([256]): 
The value is the same before and after calling `init_weights` of VoxelNet  

backbone.blocks.2.7.bias - torch.Size([256]): 
The value is the same before and after calling `init_weights` of VoxelNet  

backbone.blocks.2.9.weight - torch.Size([256, 256, 3, 3]): 
KaimingInit: a=0, mode=fan_out, nonlinearity=relu, distribution =normal, bias=0 

backbone.blocks.2.10.weight - torch.Size([256]): 
The value is the same before and after calling `init_weights` of VoxelNet  

backbone.blocks.2.10.bias - torch.Size([256]): 
The value is the same before and after calling `init_weights` of VoxelNet  

backbone.blocks.2.12.weight - torch.Size([256, 256, 3, 3]): 
KaimingInit: a=0, mode=fan_out, nonlinearity=relu, distribution =normal, bias=0 

backbone.blocks.2.13.weight - torch.Size([256]): 
The value is the same before and after calling `init_weights` of VoxelNet  

backbone.blocks.2.13.bias - torch.Size([256]): 
The value is the same before and after calling `init_weights` of VoxelNet  

backbone.blocks.2.15.weight - torch.Size([256, 256, 3, 3]): 
KaimingInit: a=0, mode=fan_out, nonlinearity=relu, distribution =normal, bias=0 

backbone.blocks.2.16.weight - torch.Size([256]): 
The value is the same before and after calling `init_weights` of VoxelNet  

backbone.blocks.2.16.bias - torch.Size([256]): 
The value is the same before and after calling `init_weights` of VoxelNet  

neck.deblocks.0.0.weight - torch.Size([64, 128, 1, 1]): 
KaimingInit: a=0, mode=fan_out, nonlinearity=relu, distribution =normal, bias=0 

neck.deblocks.0.1.weight - torch.Size([128]): 
The value is the same before and after calling `init_weights` of VoxelNet  

neck.deblocks.0.1.bias - torch.Size([128]): 
The value is the same before and after calling `init_weights` of VoxelNet  

neck.deblocks.1.0.weight - torch.Size([128, 128, 2, 2]): 
KaimingInit: a=0, mode=fan_out, nonlinearity=relu, distribution =normal, bias=0 

neck.deblocks.1.1.weight - torch.Size([128]): 
The value is the same before and after calling `init_weights` of VoxelNet  

neck.deblocks.1.1.bias - torch.Size([128]): 
The value is the same before and after calling `init_weights` of VoxelNet  

neck.deblocks.2.0.weight - torch.Size([256, 128, 4, 4]): 
KaimingInit: a=0, mode=fan_out, nonlinearity=relu, distribution =normal, bias=0 

neck.deblocks.2.1.weight - torch.Size([128]): 
The value is the same before and after calling `init_weights` of VoxelNet  

neck.deblocks.2.1.bias - torch.Size([128]): 
The value is the same before and after calling `init_weights` of VoxelNet  

bbox_head.conv_cls.weight - torch.Size([18, 384, 1, 1]): 
NormalInit: mean=0, std=0.01, bias=-4.59511985013459 

bbox_head.conv_cls.bias - torch.Size([18]): 
NormalInit: mean=0, std=0.01, bias=-4.59511985013459 

bbox_head.conv_reg.weight - torch.Size([42, 384, 1, 1]): 
NormalInit: mean=0, std=0.01, bias=0 

bbox_head.conv_reg.bias - torch.Size([42]): 
NormalInit: mean=0, std=0.01, bias=0 

bbox_head.conv_dir_cls.weight - torch.Size([12, 384, 1, 1]): 
NormalInit: mean=0, std=0.01, bias=0 

bbox_head.conv_dir_cls.bias - torch.Size([12]): 
NormalInit: mean=0, std=0.01, bias=0 

voxel_encoder.pfn_layers.0.norm.weight - torch.Size([64]): 
The value is the same before and after calling `init_weights` of VoxelNet  

voxel_encoder.pfn_layers.0.norm.bias - torch.Size([64]): 
The value is the same before and after calling `init_weights` of VoxelNet  

voxel_encoder.pfn_layers.0.linear.weight - torch.Size([64, 9]): 
The value is the same before and after calling `init_weights` of VoxelNet  
2025-08-01 01:05:34,161 - mmdet - INFO - Model:
VoxelNet(
  (backbone): SECOND(
    (blocks): ModuleList(
      (0): Sequential(
        (0): Conv2d(64, 64, kernel_size=(3, 3), stride=(2, 2), padding=(1, 1), bias=False)
        (1): BatchNorm2d(64, eps=0.001, momentum=0.01, affine=True, track_running_stats=True)
        (2): ReLU(inplace=True)
        (3): Conv2d(64, 64, kernel_size=(3, 3), stride=(1, 1), padding=(1, 1), bias=False)
        (4): BatchNorm2d(64, eps=0.001, momentum=0.01, affine=True, track_running_stats=True)
        (5): ReLU(inplace=True)
        (6): Conv2d(64, 64, kernel_size=(3, 3), stride=(1, 1), padding=(1, 1), bias=False)
        (7): BatchNorm2d(64, eps=0.001, momentum=0.01, affine=True, track_running_stats=True)
        (8): ReLU(inplace=True)
        (9): Conv2d(64, 64, kernel_size=(3, 3), stride=(1, 1), padding=(1, 1), bias=False)
        (10): BatchNorm2d(64, eps=0.001, momentum=0.01, affine=True, track_running_stats=True)
        (11): ReLU(inplace=True)
      )
      (1): Sequential(
        (0): Conv2d(64, 128, kernel_size=(3, 3), stride=(2, 2), padding=(1, 1), bias=False)
        (1): BatchNorm2d(128, eps=0.001, momentum=0.01, affine=True, track_running_stats=True)
        (2): ReLU(inplace=True)
        (3): Conv2d(128, 128, kernel_size=(3, 3), stride=(1, 1), padding=(1, 1), bias=False)
        (4): BatchNorm2d(128, eps=0.001, momentum=0.01, affine=True, track_running_stats=True)
        (5): ReLU(inplace=True)
        (6): Conv2d(128, 128, kernel_size=(3, 3), stride=(1, 1), padding=(1, 1), bias=False)
        (7): BatchNorm2d(128, eps=0.001, momentum=0.01, affine=True, track_running_stats=True)
        (8): ReLU(inplace=True)
        (9): Conv2d(128, 128, kernel_size=(3, 3), stride=(1, 1), padding=(1, 1), bias=False)
        (10): BatchNorm2d(128, eps=0.001, momentum=0.01, affine=True, track_running_stats=True)
        (11): ReLU(inplace=True)
        (12): Conv2d(128, 128, kernel_size=(3, 3), stride=(1, 1), padding=(1, 1), bias=False)
        (13): BatchNorm2d(128, eps=0.001, momentum=0.01, affine=True, track_running_stats=True)
        (14): ReLU(inplace=True)
        (15): Conv2d(128, 128, kernel_size=(3, 3), stride=(1, 1), padding=(1, 1), bias=False)
        (16): BatchNorm2d(128, eps=0.001, momentum=0.01, affine=True, track_running_stats=True)
        (17): ReLU(inplace=True)
      )
      (2): Sequential(
        (0): Conv2d(128, 256, kernel_size=(3, 3), stride=(2, 2), padding=(1, 1), bias=False)
        (1): BatchNorm2d(256, eps=0.001, momentum=0.01, affine=True, track_running_stats=True)
        (2): ReLU(inplace=True)
        (3): Conv2d(256, 256, kernel_size=(3, 3), stride=(1, 1), padding=(1, 1), bias=False)
        (4): BatchNorm2d(256, eps=0.001, momentum=0.01, affine=True, track_running_stats=True)
        (5): ReLU(inplace=True)
        (6): Conv2d(256, 256, kernel_size=(3, 3), stride=(1, 1), padding=(1, 1), bias=False)
        (7): BatchNorm2d(256, eps=0.001, momentum=0.01, affine=True, track_running_stats=True)
        (8): ReLU(inplace=True)
        (9): Conv2d(256, 256, kernel_size=(3, 3), stride=(1, 1), padding=(1, 1), bias=False)
        (10): BatchNorm2d(256, eps=0.001, momentum=0.01, affine=True, track_running_stats=True)
        (11): ReLU(inplace=True)
        (12): Conv2d(256, 256, kernel_size=(3, 3), stride=(1, 1), padding=(1, 1), bias=False)
        (13): BatchNorm2d(256, eps=0.001, momentum=0.01, affine=True, track_running_stats=True)
        (14): ReLU(inplace=True)
        (15): Conv2d(256, 256, kernel_size=(3, 3), stride=(1, 1), padding=(1, 1), bias=False)
        (16): BatchNorm2d(256, eps=0.001, momentum=0.01, affine=True, track_running_stats=True)
        (17): ReLU(inplace=True)
      )
    )
  )
  init_cfg={'type': 'Kaiming', 'layer': 'Conv2d'}
  (neck): SECONDFPN(
    (deblocks): ModuleList(
      (0): Sequential(
        (0): ConvTranspose2d(64, 128, kernel_size=(1, 1), stride=(1, 1), bias=False)
        (1): BatchNorm2d(128, eps=0.001, momentum=0.01, affine=True, track_running_stats=True)
        (2): ReLU(inplace=True)
      )
      (1): Sequential(
        (0): ConvTranspose2d(128, 128, kernel_size=(2, 2), stride=(2, 2), bias=False)
        (1): BatchNorm2d(128, eps=0.001, momentum=0.01, affine=True, track_running_stats=True)
        (2): ReLU(inplace=True)
      )
      (2): Sequential(
        (0): ConvTranspose2d(256, 128, kernel_size=(4, 4), stride=(4, 4), bias=False)
        (1): BatchNorm2d(128, eps=0.001, momentum=0.01, affine=True, track_running_stats=True)
        (2): ReLU(inplace=True)
      )
    )
  )
  init_cfg=[{'type': 'Kaiming', 'layer': 'ConvTranspose2d'}, {'type': 'Constant', 'layer': 'NaiveSyncBatchNorm2d', 'val': 1.0}]
  (bbox_head): Anchor3DHead(
    (loss_cls): FocalLoss()
    (loss_bbox): SmoothL1Loss()
    (loss_dir): CrossEntropyLoss()
    (conv_cls): Conv2d(384, 18, kernel_size=(1, 1), stride=(1, 1))
    (conv_reg): Conv2d(384, 42, kernel_size=(1, 1), stride=(1, 1))
    (conv_dir_cls): Conv2d(384, 12, kernel_size=(1, 1), stride=(1, 1))
  )
  init_cfg={'type': 'Normal', 'layer': 'Conv2d', 'std': 0.01, 'override': {'type': 'Normal', 'name': 'conv_cls', 'std': 0.01, 'bias_prob': 0.01}}
  (voxel_layer): Voxelization(voxel_size=[0.16, 0.16, 4], point_cloud_range=[0, -39.68, -3, 92.16, 39.68, 1], max_num_points=32, max_voxels=(16000, 40000), deterministic=True)
  (voxel_encoder): PillarFeatureNet(
    (pfn_layers): ModuleList(
      (0): PFNLayer(
        (norm): BatchNorm1d(64, eps=0.001, momentum=0.01, affine=True, track_running_stats=True)
        (linear): Linear(in_features=9, out_features=64, bias=False)
      )
    )
  )
  (middle_encoder): PointPillarsScatter()
)
2025-08-01 01:05:40,110 - mmdet - INFO - load checkpoint from local path: /workspace/DAIR-V2X/configs/vic3d/late-fusion-pointcloud/pointpillars/vic3d_latefusion_veh_pointpillars_a70fa05506bf3075583454f58b28177f.pth
2025-08-01 01:05:40,158 - mmdet - INFO - resumed epoch 20, iter 62100
2025-08-01 01:05:40,159 - mmdet - INFO - Start running, host: root@607105e5be83, work_dir: /workspace/DAIR-V2X/work_dirs/vic3d_latefusion_veh_pointpillars_resumed_finetuned_continued
2025-08-01 01:05:40,159 - mmdet - INFO - Hooks will be executed in the following order:
before_run:
(VERY_HIGH   ) CyclicLrUpdaterHook                
(HIGH        ) CyclicMomentumUpdaterHook          
(NORMAL      ) CheckpointHook                     
(NORMAL      ) EvalHook                           
(VERY_LOW    ) TextLoggerHook                     
(VERY_LOW    ) TensorboardLoggerHook              
 -------------------- 
before_train_epoch:
(VERY_HIGH   ) CyclicLrUpdaterHook                
(HIGH        ) CyclicMomentumUpdaterHook          
(NORMAL      ) EvalHook                           
(LOW         ) IterTimerHook                      
(VERY_LOW    ) TextLoggerHook                     
(VERY_LOW    ) TensorboardLoggerHook              
 -------------------- 
before_train_iter:
(VERY_HIGH   ) CyclicLrUpdaterHook                
(HIGH        ) CyclicMomentumUpdaterHook          
(NORMAL      ) EvalHook                           
(LOW         ) IterTimerHook                      
 -------------------- 
after_train_iter:
(ABOVE_NORMAL) OptimizerHook                      
(NORMAL      ) CheckpointHook                     
(NORMAL      ) EvalHook                           
(LOW         ) IterTimerHook                      
(VERY_LOW    ) TextLoggerHook                     
(VERY_LOW    ) TensorboardLoggerHook              
 -------------------- 
after_train_epoch:
(NORMAL      ) CheckpointHook                     
(NORMAL      ) EvalHook                           
(VERY_LOW    ) TextLoggerHook                     
(VERY_LOW    ) TensorboardLoggerHook              
 -------------------- 
before_val_epoch:
(LOW         ) IterTimerHook                      
(VERY_LOW    ) TextLoggerHook                     
(VERY_LOW    ) TensorboardLoggerHook              
 -------------------- 
before_val_iter:
(LOW         ) IterTimerHook                      
 -------------------- 
after_val_iter:
(LOW         ) IterTimerHook                      
 -------------------- 
after_val_epoch:
(VERY_LOW    ) TextLoggerHook                     
(VERY_LOW    ) TensorboardLoggerHook              
 -------------------- 
after_run:
(VERY_LOW    ) TextLoggerHook                     
(VERY_LOW    ) TensorboardLoggerHook              
 -------------------- 
2025-08-01 01:05:40,159 - mmdet - INFO - workflow: [('train', 1)], max: 30 epochs
2025-08-01 01:05:40,159 - mmdet - INFO - Checkpoints will be saved to /workspace/DAIR-V2X/work_dirs/vic3d_latefusion_veh_pointpillars_resumed_finetuned_continued by HardDiskBackend.
2025-08-01 01:06:01,494 - mmdet - INFO - Epoch [21][50/3108]	lr: 5.871e-03, eta: 3:40:36, time: 0.426, data_time: 0.139, memory: 7475, loss_cls: 0.1512, loss_bbox: 0.4417, loss_dir: 0.0956, loss: 0.6885, grad_norm: 0.7493
2025-08-01 01:06:15,552 - mmdet - INFO - Epoch [21][100/3108]	lr: 5.857e-03, eta: 3:02:51, time: 0.281, data_time: 0.004, memory: 7506, loss_cls: 0.1512, loss_bbox: 0.4590, loss_dir: 0.0945, loss: 0.7047, grad_norm: 0.7725
